// Jest Snapshot v1, https://goo.gl/fbAQLP

exports[`sign in component should match the snapshot 1`] = `
<div>
  <form>
    <h2>
      Sign In
    </h2>
    <label />
    <input
      name="email"
      placeholder="Email Address"
      required=""
      type="text"
      value=""
    />
    <label />
    <input
      name="password"
      placeholder="Password"
      required=""
      type="password"
      value=""
    />
    <button>
      Sign In
    </button>
    <span>
      <a
        href="/register"
      >
        Don't have an account? Sign Up
      </a>
    </span>
  </form>
</div>
`;
