// Jest Snapshot v1, https://goo.gl/fbAQLP

exports[`home component should match the snapshot 1`] = `
<div>
  <div
    class="MuiBox-root css-i9gxme"
  >
    <header
      class="MuiPaper-root MuiPaper-elevation MuiPaper-elevation4 MuiAppBar-root MuiAppBar-colorPrimary MuiAppBar-positionStatic css-hip9hq-MuiPaper-root-MuiAppBar-root"
    >
      <div
        class="MuiToolbar-root MuiToolbar-gutters MuiToolbar-regular css-1t29gy6-MuiToolbar-root"
      >
        <button
          aria-label="menu"
          class="MuiButtonBase-root MuiIconButton-root MuiIconButton-colorInherit MuiIconButton-edgeStart MuiIconButton-sizeLarge css-ancrnh-MuiButtonBase-root-MuiIconButton-root"
          tabindex="0"
          type="button"
        >
          <svg
            aria-hidden="true"
            class="MuiSvgIcon-root MuiSvgIcon-fontSizeMedium css-i4bv87-MuiSvgIcon-root"
            data-testid="MenuIcon"
            focusable="false"
            viewBox="0 0 24 24"
          >
            <path
              d="M3 18h18v-2H3v2zm0-5h18v-2H3v2zm0-7v2h18V6H3z"
            />
          </svg>
          <span
            class="MuiTouchRipple-root css-8je8zh-MuiTouchRipple-root"
          />
        </button>
        <div
          class="MuiTypography-root MuiTypography-h6 css-1juivf6-MuiTypography-root"
        >
          News
        </div>
        <button
          class="MuiButton-root MuiButton-text MuiButton-textInherit MuiButton-sizeMedium MuiButton-textSizeMedium MuiButton-colorInherit MuiButtonBase-root css-1y942vo-MuiButtonBase-root-MuiButton-root"
          tabindex="0"
          type="button"
        >
          Logout
          <span
            class="MuiTouchRipple-root css-8je8zh-MuiTouchRipple-root"
          />
        </button>
      </div>
    </header>
  </div>
  <main
    class="MuiContainer-root MuiContainer-maxWidthMd"
  >
    <div
      class="MuiBox-root css-zwz5fz"
    >
      <button
        class="MuiButtonBase-root MuiButton-root MuiButton-contained"
        tabindex="0"
        type="button"
      >
        <span
          class="MuiButton-label"
        >
          Visualize my Appointments
        </span>
        <span
          class="MuiTouchRipple-root"
        />
      </button>
      <button
        class="MuiButtonBase-root MuiButton-root MuiButton-contained"
        tabindex="0"
        type="button"
      >
        <span
          class="MuiButton-label"
        >
          Create a new    Appointment
        </span>
        <span
          class="MuiTouchRipple-root"
        />
      </button>
    </div>
  </main>
</div>
`;
